python: can't open file 'D:\\Desktop4\\Obsidian Vault\\test_system.py': [Errno 2] No such file or directory
